// Jest Snapshot v1, https://goo.gl/fbAQLP

exports[`environment > App renders without crashing 1`] = `
<DocumentFragment>
  <div
    class="container"
  >
    <button
      class="d-inline-flex justify-content-center align-items-center  makeStyles-button-1 makeStyles-button-2 btn btn-primary"
      type="button"
    >
      Yeah~!
    </button>
  </div>
</DocumentFragment>
`;
